I'm sorry, but errors were detected in your script. Please correct the
errors listed below, and try again.


File "game/script.rpy", line 13: 'hovered' is not a keyword argument or valid child for the imagemap statement.
    hovered [Play ("sound", "audio/swoosh.mp3"), ShowTransient("chooseImg", img="thirdRoute/chooseRoute2.png")] focus_mask True unhovered Hide("chooseImg") 
           ^

Ren'Py Version: Ren'Py 8.0.3.22090809
Sun Dec 25 00:45:14 2022
